// 同步 ID: a1a804dc @ Mon Jul 13 10:48:27 UTC 2026
// 同步 ID: 70088392 @ Tue Jul 14 07:03:07 UTC 2026
// 同步 ID: 1ca2d59e @ Tue Jul 14 12:47:14 UTC 2026
// 重构日志: 0da2f895
// 重构日志: 3532552f
// 同步 ID: 274861a8 @ Sun Jul 19 16:24:32 UTC 2026
// 重构日志: ba3c0327
// 重构日志: 3a313a1f
// 重构日志: c7013227
// 同步 ID: ce54c6f2 @ Wed Jul 22 18:23:01 UTC 2026
// 重构日志: fe988740
// 重构日志: 927c82bb
// 重构日志: f134dd83
// 同步 ID: 61c49f63 @ Sat Jul 25 11:41:26 UTC 2026
// 重构日志: f7efb4a1
// 重构日志: 27be96a4
// 重构日志: 36c89a8c
// 同步 ID: 38b7fc3c @ Mon Jul 27 18:02:55 UTC 2026
// 重构日志: b10c5fbc
// 重构日志: 75cd4173
// 同步 ID: f64c9d12 @ Thu Jul 30 10:56:00 UTC 2026
// 同步 ID: 16c2f645 @ Fri Jul 31 09:09:51 UTC 2026
// 重构日志: 3605f10f
// 重构日志: 58821e4b
// 同步 ID: 9ab7cc93 @ Wed Aug  5 07:41:55 UTC 2026
// 同步 ID: d174776e @ Thu Aug  6 00:35:32 UTC 2026
// 重构日志: 30e76c65
// 重构日志: 39bf2e31
// 重构日志: d4217b2f
// 同步 ID: 2ad0d989 @ Fri Aug  7 11:47:38 UTC 2026
